[1/16] baseline ...
    total 627s  gap 0.09999442814592441  obj 1565.0711496880726
[2/16] m_bounds ...
    total 753s  gap 0.09996179251010677  obj 1560.7449539912504
[3/16] p_mipfocus2 ...
    total 182s  gap 0.09877321196594599  obj 1581.0169261957813
[4/16] p_mipfocus3 ...
    total 150s  gap 0.09899592019075368  obj 1579.3824466268334
[5/16] p_mipfocus0 ...
    total 142s  gap 0.09624678517677945  obj 1576.860832862461
[6/16] p_threads8 ...
    total 376s  gap 0.09995336801009554  obj 1557.8513500741342
[7/16] p_presolve2 ...
    total 807s  gap 0.09995015920121274  obj 1558.1263485290365
[8/16] m_symlex ...
    total 344s  gap 0.09982327379724253  obj 1569.7549143205933
[9/16] p_symmetry2 ...
    total 606s  gap 0.09999442814592441  obj 1565.0711496880726
[10/16] p_cuts2 ...
    total 229s  gap 0.09755944696589758  obj 1562.1386560390615
[11/16] p_nonconvex_cuts ...
    total 328s  gap 0.09887620691378593  obj 1558.281017150156
[12/16] a_nowarm ...
    total 502s  gap 0.09992557828610753  obj 1557.247214285584
[13/16] p_norelheur ...
    total 346s  gap 0.09976618378602521  obj 1557.7055167408062
[14/16] m_lindegrad ...
    total 181s  gap 0.099997890437526  obj 1558.4145445185754
[15/16] r_socweight_off ...
    total 95s  gap 0.09987445618738132  obj 1557.5626393723815
[16/16] baseline ...
    total 585s  gap 0.09999442814592441  obj 1565.0711496880726
written to C:\Users\go25pux\Desktop\Framework\02_Modell\benchmarks\results_day2.jsonl
