[1/12] baseline seed 1 ...
    total 182s  gap 0.0997928950477511  obj 1558.8513141086878
[2/12] baseline seed 7 ...
    total 313s  gap 0.0999120806450611  obj 1557.8513500741374
[3/12] baseline seed 13 ...
    total 256s  gap 0.0999674770733289  obj 1558.1263500741247
[4/12] p_combo seed 1 ...
    total 166s  gap 0.09671968585239185  obj 1574.6507164932377
[5/12] p_combo seed 7 ...
    total 145s  gap 0.09994048859351279  obj 1572.7279271015072
[6/12] p_combo seed 13 ...
    total 122s  gap 0.09927164007942076  obj 1562.9236701253212
[7/12] p_mipfocus0 seed 1 ...
    total 126s  gap 0.09956049311954905  obj 1564.7950321041299
[8/12] p_mipfocus0 seed 7 ...
    total 141s  gap 0.09718638081586885  obj 1575.2517454560484
[9/12] p_mipfocus0 seed 13 ...
    total 121s  gap 0.09955745756122127  obj 1567.2463860070643
[10/12] m_lindegrad seed 1 ...
    total 290s  gap 0.09981164044217258  obj 1574.7188103280182
[11/12] m_lindegrad seed 7 ...
    total 246s  gap 0.0997713652222509  obj 1569.219416921429
[12/12] m_lindegrad seed 13 ...
    total 479s  gap 0.09999145106082959  obj 1575.0954363486294
written to C:\Users\go25pux\Desktop\Framework\02_Modell\benchmarks\results_day2_seeds.jsonl
